GO111MODULE="on"
GOARCH="arm64"
GOBIN=""
GOCACHE="/Users/jiaqiwang/Library/Caches/go-build"
GOENV="/Users/jiaqiwang/Library/Application Support/go/env"
GOEXE=""
GOEXPERIMENT=""
GOFLAGS=""
GOHOSTARCH="arm64"
GOHOSTOS="darwin"
GOINSECURE=""
GOMODCACHE="/Users/jiaqiwang/go/pkg/mod"
GONOPROXY=""
GONOSUMDB=""
GOOS="darwin"
GOPATH="/Users/jiaqiwang/go"
GOPRIVATE=""
GOPROXY="https://goproxy.cn"
GOROOT="/usr/local/go"
GOSUMDB="sum.golang.org"
GOTMPDIR=""
GOTOOLDIR="/usr/local/go/pkg/tool/darwin_arm64"
GOVCS=""
GOVERSION="go1.20.4"
GCCGO="gccgo"
AR="ar"
CC="clang"
CXX="clang++"
CGO_ENABLED="1"
GOMOD="/Users/jiaqiwang/workspace/op-geth/go.mod"
GOWORK=""
CGO_CFLAGS="-O2 -g"
CGO_CPPFLAGS=""
CGO_CXXFLAGS="-O2 -g"
CGO_FFLAGS="-O2 -g"
CGO_LDFLAGS="-O2 -g"
PKG_CONFIG="pkg-config"
GOGCCFLAGS="-fPIC -arch arm64 -pthread -fno-caret-diagnostics -Qunused-arguments -fmessage-length=0 -fdebug-prefix-map=/var/folders/1p/80zcsvjx28jc9wmj7nj3sxyc0000gn/T/go-build214093898=/tmp/go-build -gno-record-gcc-switches -fno-common"
